{
  "status": "root",
  "children": [
    {
      "property": "common",
      "depth": 1,
      "status": "nested",
      "arrayValue": {
        "4": {
          "property": "follow",
          "depth": 2,
          "status": "added",
          "addedValue": false
        },
        "0": {
          "property": "setting1",
          "depth": 2,
          "status": "equal",
          "identialValue": "Value 1"
        },
        "1": {
          "property": "setting2",
          "depth": 2,
          "status": "removed",
          "removedValue": 200
        },
        "2": {
          "property": "setting3",
          "depth": 2,
          "status": "updated",
          "removedValue": true,
          "addedValue": null
        },
        "5": {
          "property": "setting4",
          "depth": 2,
          "status": "added",
          "addedValue": "blah blah"
        },
        "6": {
          "property": "setting5",
          "depth": 2,
          "status": "added",
          "addedValue": { "key5": "value5" }
        },
        "3": {
          "property": "setting6",
          "depth": 2,
          "status": "nested",
          "arrayValue": {
            "1": {
              "property": "doge",
              "depth": 3,
              "status": "nested",
              "arrayValue": [
                {
                  "property": "wow",
                  "depth": 4,
                  "status": "updated",
                  "removedValue": "",
                  "addedValue": "so much"
                }
              ]
            },
            "0": {
              "property": "key",
              "depth": 3,
              "status": "equal",
              "identialValue": "value"
            },
            "2": {
              "property": "ops",
              "depth": 3,
              "status": "added",
              "addedValue": "vops"
            }
          }
        }
      }
    },
    {
      "property": "group1",
      "depth": 1,
      "status": "nested",
      "arrayValue": [
        {
          "property": "baz",
          "depth": 2,
          "status": "updated",
          "removedValue": "bas",
          "addedValue": "bars"
        },
        {
          "property": "foo",
          "depth": 2,
          "status": "equal",
          "identialValue": "bar"
        },
        {
          "property": "nest",
          "depth": 2,
          "status": "updated",
          "removedValue": { "key": "value" },
          "addedValue": "str"
        }
      ]
    },
    {
      "property": "group2",
      "depth": 1,
      "status": "removed",
      "removedValue": { "abc": 12345, "deep": { "id": 45 } }
    },
    {
      "property": "group3",
      "depth": 1,
      "status": "added",
      "addedValue": { "deep": { "id": { "number": 45 } }, "fee": 100500 }
    }
  ]
}
